// Jest Snapshot v1, https://goo.gl/fbAQLP

exports[`Pruebas en el componenete <GifGridItem /> Debe de mostrar <GifGridItem /> correctamente 1`] = `
<div
  className="card animate__animated animate__zoomInUp"
>
  <p>
    Titulo Gif
  </p>
  <img
    alt="Titulo Gif"
    src="http://localhost/logo.jpg"
  />
</div>
`;
